// Jest Snapshot v1, https://goo.gl/fbAQLP

exports[`<Header /> Renders the header component 1`] = `
<div
  className="header"
>
  <h1>
    Header
  </h1>
</div>
`;
